../Core/Src/main.c:65:6:delay	16	static
../Core/Src/main.c:71:6:HAL_TIM_IC_CaptureCallback	16	static
../Core/Src/main.c:97:6:HCSR04_Read	8	static
../Core/Src/main.c:117:5:main	8	static
../Core/Src/main.c:167:6:SystemClock_Config	88	static
../Core/Src/main.c:213:13:MX_TIM2_Init	48	static
../Core/Src/main.c:262:13:MX_TIM4_Init	48	static
../Core/Src/main.c:320:13:MX_USART3_UART_Init	8	static
../Core/Src/main.c:353:13:MX_GPIO_Init	56	static
../Core/Src/main.c:457:6:Error_Handler	4	static,ignoring_inline_asm
